FALSE
0.01
0.131944444444444
0.145138888888889
0.175694444444444
0.181944444444444
0.195833333333333
0.231944444444444
0.244444444444444
0.260416666666667
0.279166666666667
0.311805555555556
0.326388888888889
0.347222222222222
0.366666666666667
0.371527777777778
0.384027777777778
0.384722222222222
0.386805555555556
0.394444444444444
0.402777777777778
0.403472222222222
0.414583333333333
0.415972222222222
0.426388888888889
0.429861111111111
0.438194444444444
0.441666666666667
0.444444444444444
0.448611111111111
0.461805555555556
0.4625
0.463194444444444
0.464583333333333
0.470138888888889
0.475694444444444
0.486111111111111
0.497222222222222
0.508333333333333
0.526388888888889
0.9
TRUE
1
2
3
8
15
16
17
18
20
21
22
23
24
30
36
107
136
315
353
361
363
376
416
445
500
620
798
1076
1300
1984
2020
4600
400000
-d
-if
-is
-m
–
—
…yes
'
©
16mar
16th
1st
2017(i
26th
2nd
501(c)(3
a
a.m
abandon
ability
able
abortion
about
above
abroad
absence
absolute
absolutely
absorb
abusable
abuse
academic
accept
accepting
access
accident
accompany
accomplish
accomplishments
according
account
accounts
accurate
accuse
achieve
achievement
acid
acknowledge
acquire
across
act
action
activist
activities
activity
actor
actress
actual
actually
ad
adapt
add
added
addition
additional
address
adequate
adjust
adjustment
administration
administrator
admire
admission
admit
adolescent
adopt
adress
adult
adults
advance
advanced
advantage
adventure
advertisement
advertising
advertising/speaking
advice
advise
adviser
advocate
affair
affect
affected
afford
afraid
African
African-American
after
afternoon
again
against
age
agencies
agency
agenda
agent
aggressive
ago
agree
agreement
agricultural
ah
ahead
aid
aide
aided
AIDS
aim
air
aircraft
airline
airport
album
alcohol
alive
all
all-volunteer
alliance
allow
allowed
allowing
allows
ally
almost
alone
along
already
also
alter
alternative
although
always
AM
am
amazing
amen
American
among
amount
an
analysis
analyst
analyze
analyzed
ancient
and
and/or
andy_c
anger
angle
angry
animal
anniversary
announce
announcement
annual
another
answer
anti-commercial
anticipate
anuj
anxiety
any
anybody
anymore
anyone
anything
anyway
anywhere
apart
apartment
apparent
apparently
appeal
appear
appearance
appears
apple
application
apply
appoint
appointment
appreciate
approach
appropriate
approval
approve
approximately
april
Arab
architect
are
area
aren't
argue
argument
arise
arm
armed
army
around
arrange
arrangement
arrest
arrival
arrive
art
article
artist
artistic
as
asb
Asian
aside
ask
asleep
aspect
assault
assert
assess
assessment
asset
assign
assignment
assist
assistance
assistant
associate
associated
assume
assumed
assumption
assure
at
athlete
athletic
atmosphere
attach
attack
attacked
attacker
attempt
attempts
attend
attention
attitude
attorney
attract
attractive
attribute
audience
august
authenticate
authenticated
authentication
author
authority
authorizing
auto
available
avalanche
average
avery
avoid
award
aware
awareness
away
awful
baby
back
background
bad
badges
badguy
badly
bag
bailing
bake
balance
ball
ban
band
bank
bar
barely
barrel
barrier
bart
base
baseball
based
basic
basically
basis
basket
basketball
bathroom
battery
battle
be
beach
bean
bear
beat
beautiful
beauty
because
become
bed
bedroom
been
beer
before
begin
beginning
begun
behave
behavior
behind
being
belief
believe
bell
belong
below
belt
bench
bend
beneath
benefit
beside
besides
best
bestseller
bet
better
between
beware
beyond
Bible
big
biggest
bike
bill
billion
billionaires
bind
biological
bird
birth
birthday
bit
bite
black
blade
blame
blanket
blind
block
blog
blogs
blood
blow
blue
board
boat
bob
body
bomb
bombing
bond
bondy
bone
book
boom
boot
border
born
borrow
boss
both
bother
bottle
bottom
boundary
bowl
box
boy
boyfriend
brain
branch
brand
bread
break
breakfast
breast
breath
breathe
brian
brian’s
briankrebs
brick
bridge
brief
briefly
bright
brilliant
bring
British
broad
broader
broken
brother
brown
brush
buck
bucks
budget
budgets
buffers
buffet
build
building
bullet
bump
bunch
burden
bureaucrat
burn
bury
bus
bushman
business
businesses
busy
but
butter
button
buy
buyer
by
cabin
cabinet
cable
cake
calculate
call
called
camera
camp
campaign
campus
can
can't
can’t
Canadian
cancer
candidate
cannot
cap
capabilities
capability
capable
capacity
capital
captain
capture
captured
car
carbon
card
care
career
careful
carefully
carrier
carry
case
cases
cash
cast
cat
catch
category
Catholic
cause
ceiling
celebrate
celebration
celebrity
cell
center
centers
central
centre
century
CEO
ceremony
certain
certainly
certs
chain
chair
chairman
challenge
chamber
champion
championship
chance
change
changed
changing
channel
chapter
character
characteristic
characterize
charge
charged
charity
chart
chase
cheap
cheating
check
cheek
cheese
chef
chemical
chest
chicken
chief
child
childhood
Chinese
chip
chipped
chocolate
choice
cholesterol
choose
chore
Christian
Christmas
chuck
church
cigarette
circle
circumstance
cisa
cisco…..well
cisco’s
ciscos
cite
citizen
city
civil
civilian
claim
class
classic
classified
classroom
clean
clear
clearly
click
client
climate
climb
clinic
clinical
clock
close
closed
closely
closer
clothes
clothing
cloud
club
clue
cluster
coach
coal
coalition
coast
coat
code
coffee
cognitive
cold
collapse
collapses
colleague
collect
collection
collective
college
colonial
color
column
com
combination
combine
come
comedy
comfort
comfortable
coming
command
commander
comment
comments
commercial
commission
commit
commitment
committee
common
commonly
communicate
communication
community
community’s
companies
company
compare
comparison
compassionately
compete
competition
competitive
competitor
complain
complaint
complete
completely
complex
complicated
complicit
component
compose
composition
comprehend
comprehensive
compromise
compromised
computer
computers
concentrate
concentration
concept
concern
concerned
concert
conclude
conclusion
concrete
condition
conduct
conference
confidence
confident
confirm
conflict
confront
confusion
Congress
congressional
connect
connection
connections
consciousness
consensus
consequence
conservative
consider
considerable
consideration
consist
consistent
constant
constantly
constituents
constitute
constitutional
construct
construction
consultant
consume
consumer
consumption
contact
contain
container
containment
contains
contemporary
content
contest
context
continue
continued
contract
contrast
contribute
contribution
control
controversial
controversy
convention
conventional
conversation
convert
conviction
convince
cook
cookie
cooking
cool
cooperation
cop
cope
copy
core
corn
corner
corporate
corporation
correct
correspondent
cost
cost-saving
cotton
couch
could
couldn't
council
counselor
count
counter
countries
country
county
couple
courage
course
court
cousin
cover
coverage
cow
crack
craft
crash
crazy
cream
create
created
creates
creation
creative
creature
credit
crew
crime
criminal
crisis
criteria
critic
critical
criticise
criticism
criticize
critter
crop
cross
crowd
crucial
cry
cultural
culture
cup
curious
current
currently
curriculum
custom
customer
customers
cut
cyber
cybersecurity
cyberspace
cycle
dad
daily
damage
dance
danger
dangerous
dare
dark
darkness
data
data/server
date
daughter
dave
day
dead
deal
dealer
dear
death
debate
debt
decade
december
decide
decided
deciding
decision
deck
declare
decline
declined
decrease
deep
deeply
deer
defeat
defend
defendant
defense
defenseless
defensive
deficit
define
definitely
definition
degree
delay
deliver
delivery
demand
democracy
Democrat
democratic
demonstrate
demonstration
deny
department
depend
dependent
depending
depict
depression
depth
deputy
derec
derive
describe
description
desert
deserve
design
designed
designer
desire
desires
desk
desperate
despite
destroy
destruction
detail
detailed
details
detect
determine
develop
developing
development
device
devices
devote
dialogue
did
didn't
die
diet
differ
difference
different
differently
difficult
difficulty
dig
digital
dimension
dining
dinner
direct
direction
directly
director
dirt
dirty
disability
disagree
disappear
disaster
discipline
discourse
discover
discovered
discovery
discrimination
discuss
discussion
disease
dish
dismiss
disorder
display
displayed
dispute
disrupt
diss
distance
distant
distinct
distinction
distinguish
distribute
distribution
district
diverse
diversified
diversity
divide
division
divorce
DNA
do
doctor
document
documented
does
doesn
doesn't
doesn’t
dog
doing
domestic
dominant
dominate
don't
don’t
donate
donated
donating
done
door
double
doubt
down
download
downloaded
downtown
dozen
draft
drag
drama
dramatic
dramatically
draw
drawing
dream
dress
drink
drinking
drive
driver
drives
drop
drop-dead
drug
dry
due
duke
during
dust
duty
e-mail
each
eager
ear
early
earn
earnings
earth
ease
easily
east
eastern
easy
eat
economic
economics
economist
economy
edge
edition
editor
educate
education
educational
educator
effect
effective
effectively
efficiency
efficient
effort
efforts
egg
eight
either
elderly
elect
election
electric
electricity
electronic
element
elementary
eliminate
elite
else
elsewhere
em
email
emasculating
embrace
emerge
emergency
emission
emotion
emotional
emphasis
emphasize
empires
employ
employee
employer
employment
empty
enable
enabling
encounter
encourage
end
enemy
energy
enforcement
engage
engine
engineer
engineering
English
enhance
enjoy
enormous
enough
ensure
ensuring
enter
enterprise
entertainment
entire
entirely
entities
entity
entrance
entry
environment
environmental
environments
episode
equal
equally
equipment
era
error
escape
especially
essay
essential
essentially
establish
establishment
estate
estimate
et
etc
eternally
ethics
ethnic
European
evaluate
evaluation
even
evening
event
eventually
ever
every
everybody
everyday
everyone
everything
everywhere
evidence
evolution
evolve
exact
exactly
examination
examine
examined
example
exceed
excellent
except
exception
exchange
exciting
executable
execute
executive
exercise
exhibit
exhibition
exist
exists
existence
existing
exp
expand
expansion
expect
expectation
expense
expenses
expensive
experience
experiment
expert
experts
explain
explained
explanation
explode
exploit
exploited
explore
exploring
explosion
expose
exposure
express
expression
extend
extended
extension
extensive
extent
external
extra
extraordinary
extreme
extremely
eye
fabric
face
facilities
facility
fact
factor
factory
faculty
fade
fail
failure
fair
fairly
faith
fake
fall
familiar
family
famous
fan
fantasy
far
far-flung
farm
farmer
fashion
fast
fat
fate
father
fault
favor
favorable
favorite
fear
feature
features
february
federal
fee
feed
feeds
feel
feeling
felis
fellow
female
fence
few
fewer
fiber
fiction
field
fifteen
fifth
fifty
fight
fighter
fighting
figure
file
filed
fill
film
final
finally
finance
financial
find
finding
fine
finger
finish
fire
firehose
firm
first
fish
fishing
fit
fitness
five
fix
flag
flame
flat
flavor
flee
flesh
flight
float
flood
floor
flow
flower
flowing
fly
focus
folk
follow
followed
following
food
foot
football
for
force
forced
foreign
forest
forever
forget
form
formal
formation
former
formula
forth
fortune
forward
found
foundation
founder
four
fourth
frame
framework
free
freedom
freeze
French
frequency
frequent
frequently
fresh
friday
friend
friendly
friendship
from
front
fruit
frustration
fuel
full
fully
fun
function
fund
fundamental
fundamentally
funded
funding
funding/facilities
funds
funeral
funny
furniture
further
furthermore
future
gain
galaxy
gallery
game
gameover
gang
gap
garage
garden
garlic
gas
gate
gather
gathered
gay
gaze
gear
gender
gene
general
generally
generate
generation
generous
genetic
gentleman
gently
German
gerri
gesture
get
gets
getting
ghost
giant
giants
gift
gifted
girl
girlfriend
give
given
giver-awayer
giving
glad
glance
glass
global
glove
go
go…
goes
goal
God
going
gold
golden
golf
good
goodbye
got
gotten
government
governor
grab
grade
gradually
graduate
grain
grand
grandfather
grandmother
grant
grass
grateful
grave
gray
great
greatest
green
greets
grocery
ground
group
grow
growing
growth
guarantee
guard
guess
guest
guide
guideline
guilty
gun
guy
guys
habit
habitat
hack
hacked
had
hadn't
hair
half
hall
hallways
hand
handful
handle
hands
hang
happen
happening
happy
hard
hardly
harm
has
hasn't
hat
hate
have
haven't
having
he
he'd
he'll
he's
he’s
head
headline
headquarters
heads
healing
health
healthy
hear
hearing
heart
heat
heaven
heavily
heavy
heel
height
helicopter
hell
hello
help
helpful
helping
helps
hence
her
here
here's
heritage
hero
hers
herself
hey
hi
hide
high
higher
highlight
highly
highway
hill
him
himself
hip
hire
his
historian
historic
historical
history
hit
hobbyist
hold
hole
holiday
holy
home
homeless
honest
honey
honor
hope
hopefully
horizon
horror
horse
horsfall
hospital
host
hosting
hot
hotel
hour
house
household
housing
how
how's
however
html
http
https
huge
human
humor
hundred
hungry
hunter
hunting
hurt
husband
hypothesis
i
I
i'd
i'll
i'm
i've
i’d
i’ll
i’m
i’ve
ian
ice
id
idea
ideal
ideally
identification
identify
identity
ie
if
ignore
ill
illegal
illness
illustrate
image
images
appsecco
imagination
imagine
immediate
immediately
immigrant
immigration
impact
implement
implemented
implementing
implementation
latest
implication
imply
importance
important
impose
impossible
impress
impression
impressive
improve
improvement
in
in-depth
in-house
inc
incentive
incident
include
includes
including
income
incorporate
increase
increased
increasing
increasingly
incredible
indeed
independence
independent
index
Indian
indicate
indication
indiscriminately
individual
industrial
industry
inevitable
infant
infected
infection
infections
inflation
influence
inform
information
infosec
infrastructure
ingredient
initial
initially
initiative
injury
inner
innocent
innovation
innovations
input
inquiry
inside
insight
insist
inspire
install
installed
instance
instead
institution
institutional
instruction
instructions
instructor
instrument
instrumental
insurance
intellectual
intelligence
intelligent
intend
intense
intensity
intention
interaction
interest
interested
interesting
interests
internal
international
Internet
internet
interpret
interpretation
intervention
interventions
interview
into
introduce
introduction
invasion
invest
investigate
investigation
investigator
investment
investor
invite
involve
involved
involvement
involving
ip
Iraqi
Irish
iron
is
Islamic
island
isn't
isps
Israeli
issue
issues
it
it's
it’s
Italian
item
its
itself
jacket
jail
january
Japanese
jay
jet
Jew
Jewish
jim
job
join
joint
joke
jon
journal
journalist
journey
joy
js
judge
judgment
juice
july
jump
june
junior
jury
just
justice
justify
justnetguy
k
kapur
keep
keeping
ken
key
kick
kid
kill
killer
killing
kind
kinda
king
kiss
kitchen
knee
kneecap
knew
knife
knock
know
knowing
knowledge
knows
krebs
krebs’s
lab
label
labor
laboratory
lack
lady
lake
land
landscape
language
lap
large
largely
largest
last
late
later
Latin
latter
laugh
launch
laurie
law
lawn
lawsuit
lawyer
lay
layer
le
leveraged
lead
leader
leadership
leading
leaf
league
lean
learn
learned
least
leather
leave
left
leg
legacy
legal
legend
legislation
legitimate
lemon
length
less
lesson
let
let's
letter
level
levels
liberal
libero
library
license
licenses
lie
life
lifestyle
lifetime
lift
light
like
likely
limit
limitation
limited
lindy
line
link
lip
list
listed
listen
literally
literary
literature
little
live
living
load
loan
local
locate
location
lock
long
long-term
longer
longtime
look
looks
loose
lose
loss
lost
lot
lots
loud
love
lovely
lover
low
lower
luck
lucky
lunch
lung
m
m|b)illionnaires
machine
mad
made
magazine
mail
mailing
main
mainly
maintain
maintenance
major
majority
make
maker
makeup
making
male
malicious
mall
man
manage
management
manager
manner
manufacturer
manufacturing
many
map
march
margin
mark
market
marketing
markets
marriage
married
marry
mask
mass
massive
massively
master
match
material
math
matter
matters
matthew
mattyj
may
maybe
mayor
me
meal
mean
meaning
means
meanwhile
measure
measurement
measures
meat
mechanism
media
medical
medication
medicine
medium
meet
meeting
member
membership
memory
men
menace
mental
mention
mentioned
mentioning
menu
mere
merely
mess
message
messages
metal
meter
method
Mexican
microsoft
middle
might
migrate', "recipient's", '-is
migration
mike
military
milk
million
millions
min
mind
mine
minister
minor
minority
minute
miracle
mirror
miss
missile
mission
mistake
mix
mixture
mm-hmm
mode
model
models
moderate
modern
modest
modified
modify
mom
moment
zero
days
monday
money
monies
monitor
month
monthly
months
mood
moon
moral
more
moreover
morning
mortgage
most
mostly
mote
mother
motion
motivation
motor
mount
mountain
mouse
mouth
mouthing
move
movement
movie
moving
mr
Mr
Mrs
Ms
much
multiple
murder
muscle
museum
music
musical
musician
Muslim
must
mustn't
mutual
my
myself
mystery
myth
naked
name
names
narrative
narrow
nation
national
nations’
native
natural
naturally
nature
near
nearby
nearly
necessarily
necessary
neck
need
needed
needs
negative
negotiate
negotiation
neighbor
neighborhood
neither
nerve
nervous
net
network
network’s
networking
neutral
never
nevertheless
new
newly
news
newspaper
next
nice
night
nine
no
no-one
no…the
nobody
nod
noise
nomination
none
nonetheless
nope
nor
normal
normally
north
northern
nose
not
note
nothing
notice
notify
notion
novel
november
now
nowhere
nuclear
number
numbers
numerous
nurse
nut
object
objective
obligation
observation
observe
observed
observer
obtain
obvious
obviously
occasion
occasionally
occupation
occupy
occur
occurrence
ocean
october
odd
odds
of
off
offense
offensive
offer
office
officer
official
officials
often
oh
oil
ok
okay
old
Olympic
on
once
one
ongoing
onion
online
only
onto
open
opening
operate
operating
operation
operations
operator
opinion
opponent
opportunities
opportunity
oppose
opposite
opposition
opted
option
options
or
orange
order
orders
ordinary
org
organic
organisation
organisations
organization
organizational
organizations
organize
orientation
origin
original
originally
other
others
otherwise
ought
our
ours
ourselves
out
outcome
outside
oven
over
overview
overall
overcome
overlook
owe
own
owner
owners
pace
pack
package
page
paid
pain
painful
paint
painter
painting
pair
pale
Palestinian
palm
pan
panel
pant
paper
papers
parameter
parent
park
parking
part
participant
participate
participation
particular
particularly
partly
partner
partnership
party
pass
passage
passenger
passion
past
patch
path
patient
pattern
pause
pay
payment
pays
pc
PC
peace
peak
peer
penalty
pent-up
people
pepper
per
perceive
percentage
perception
perfect
perfectly
perform
performance
perhaps
period
perlotto
permanent
permission
permit
person
personal
personality
personally
personnel
persons
perspective
persuade
pet
phase
phenomenon
phil
philanthropy
philosophy
phone
photo
photograph
photographer
phrase
physical
physically
physician
piano
pick
picture
pie
piece
pile
pilot
pine
pings
pink
pitch
pivotal
place
plan
plane
planet
planet’s
planned
planning
plant
plastic
plate
platform
play
player
please
pleasure
plenty
plight
plot
plus
pm
PM
pocket
poem
poet
poetry
point
pole
police
policy
political
politically
politician
politics
poll
pollution
pond
pool
poor
pop
popular
population
porch
port
portion
portrait
portray
pose
position
positive
possess
possibility
possible
possibly
post
posted
posts
pot
potato
potential
potentially
pound
pour
poverty
powder
power
powered
powerful
powering
pr
practical
practice
practices
pray
prayer
precisely
predict
prefer
preference
pregnancy
pregnant
preparation
prepare
prescription
presence
present
presentation
presented
preserve
president
presidential
press
pressure
pretend
pretty
prevent
previous
previously
price
pride
priest
primarily
primary
prime
principal
principle
print
prior
priorities
priority
prison
prisoner
privacy
private
pro
probably
problem
probly
procedure
proceed
process
processes
produce
producer
product
production
products
profession
professional
professionals
professor
profile
profit
program
progress
progressive
project
prominent
promise
promote
prompt
proof
proper
properly
property
proportion
proposal
propose
proposed
prosecutor
prospect
protect
protected
protection
protein
protest
protocol
protocols
proud
prove
proves
provide
provided
provider
providers
provides
providing
province
provision
psychological
psychologist
psychology
public
publication
publicly
publish
published
publisher
pull
punishment
purchase
pure
purpose
pursue
push
pushing
put
qualify
quality
quarter
quarterback
question
questions
quick
quickly
quiet
quietly
quinn
quit
quite
quote
r
race
racial
rack
radical
radio
rail
rain
raise
range
rank
rapid
rapidly
rare
rarely
rate
rates
rather
rating
ratio
raw
ray
reach
reachable
react
reaction
read
reader
readers/fans
reading
ready
real
realistic
reality
realize
really
reason
reasonable
reasons
recall
recalls
receive
receives
received
recent
recently
recipe
reckons
recognition
recognize
recommend
recommendation
record
recording
recover
recovery
recruit
red
redirecting
reduce
reduction
refer
reference
references
reflect
reflection
reform
refugee
refuse
regard
regarding
regardless
regime
region
regional
register
registration
regular
regularly
regulate
regulation
reinforce
reject
relate
related
relation
relationship
relative
relatively
relax
release
relevant
relief
religion
religious
rely
relying
remain
remaining
remarkable
remediation
remember
remind
remotely
remove
reopen
repeat
repeatedly
replace
reply
report
reporter
reports
represent
representation
representative
Republican
reputation
request
require
required
requirement
requires
research
researcher
researchers
resemble
reservation
reserve
resident
resist
resistance
resolution
resolve
resort
resource
resources
respect
respond
respondent
responds
response
responsibility
responsible
responsibly
rest
restaurant
restore
restriction
result
results
resulting
resulted
retain
retire
retired
retirement
return
reveal
revenue
review
revolution
rhythm
rice
rich
richard
richest
rid
ride
rifle
right
ring
rise
risk
river
road
robbins
rock
roel
role
roll
romantic
ron
roof
room
root
rope
rose
rough
roughly
round
route
routine
row
rss
rub
rule
rules
rules…
run
runs
ran
address
running
rural
rush
Russian
rustock
sacred
sad
safe
safer
safety
said
sake
salad
salary
sale
sales
salt
same
sample
samples
sanction
sand
satellite
satisfaction
satisfy
satisfying
saturday
sauce
save
saving
say
saying
says
scale
scandal
scared
scenario
scene
schedule
scheme
scholar
scholarship
school
science
scientific
scientist
scope
score
scrambling
scratch
scream
screen
script
sea
search
season
seat
second
secret
secretary
section
sector
secure
security
see
seed
seek
seem
seems
seen
segment
seize
seized
seizes
seizure
select
selection
self
self-funding
sell
Senate
senator
send
sends
sending
sent
senior
sense
sensitive
sent
sentence
separate
september
sequence
series
serious
seriously
serve
server
servers
serves
service
services
session
set
setting
settle
settlement
seven
several
severe
sex
sexual
shade
shadow
shake
shall
shame
shan't
shape
share
sharp
she
she'd
she'll
she's
sheet
shelf
shell
shelter
shift
shine
ship
shirt
shit
shock
shoe
shoot
shooting
shop
shopping
shore
short
shortly
shot
should
shoulder
shouldn't
shout
shout-out
show
shower
shown
shows
shrug
shut
shutdown', "recipient's", 'wars
shuttered
sick
side
sigh
sight
sign
signal
signatures
signed
significance
significant
significantly
silence
silent
silly
silver
similar
similarly
simple
simply
sin
since
sing
singer
single
sink
sipping
sir
sister
sit
site
situation
six
size
ski
skill
skills
skin
sky
slave
sleep
slice
slide
slight
slightly
slip
slow
slowly
small
smart
smell
smile
smoke
smooth
snap
sneak
snow
so
so-called
sob’s
soccer
social
society
soft
software
soil
solar
soldier
solid
solution
solutions
solve
some
somebody
somehow
someone
something
sometimes
somewhat
somewhere
son
song
soon
sophisticated
sorry
sort
sorta
soul
sound
soup
source
sources
south
southern
Soviet
space
Spanish
spare
speak
speaker
special
specialist
species
specific
specifically
speech
speed
spend
spending
spin
spirit
spiritual
split
spokesman
sponsors
sport
spot
spread
spring
square
squeeze
stability
stable
stack
staff
stage
stair
stake
stance
stand
standard
standing
star
stare
start
started
state
statement
station
statistics
status
stay
steady
steal
steel
step
steps
stick
still
stir
stock
stomach
stone
stop
storage
store
stored
storm
story
straight
strange
stranger
strategic
strategy
stream
street
strength
strengthen
stress
stretch
strike
string
strings
strip
stroke
strong
strongly
structure
struggle
stuck
student
studio
study
stuff
stupid
style
subject
submit
subscribe
subsequent
substance
substantial
succeed
success
successful
successfully
such
sudden
suddenly
sue
suffer
sufficient
sugar
suggest
suggesting
suggestion
suicide
suit
summer
summit
sun
sunday
sunshine
super
supplies
supply
support
supporter
supporting
supports
suppose
supposed
Supreme
sure
surely
surface
surge
surgery
surprise
surprised
surprising
surprisingly
surround
survey
survival
survive
survivor
suspect
suspected
sustain
swear
sweep
sweet
swim
swing
switch
symbol
symptom
system
systems
table
tablespoon
tactic
tags
tail
take
takes
tale
talent
talk
tall
tandem
tank
tap
tape
target
task
taste
tax
taxed
taxpayer
tea
teach
teacher
teaching
team
teams
tear
teaspoon
technical
technique
technology
teen
teenager
telephone
telescope
television
tell
temperature
temporary
ten
tend
tendency
tennis
tension
tent
term
terms
terrible
territory
terror
terrorism
terrorist
test
testify
testimony
testing
text
than
thank
thanks
that
that's
that’s
the
theater
their
theirs
them
them…
them…”
theme
themselves
then
theoretical
theory
therapy
there
there's
there’s
therefore
these
they
they'd
they'll
they're
they've
they’re
they’ve
thick
thin
thing
things
think
thinking
third
thirty
this
this…a
those
though
thought
thousand
threat
threaten
threats
three
throat
through
throughout
throw
thursday
thus
thx
ticket
tie
tight
time
times
tiny
tip
tire
tired
tissue
title
to
tobacco
today
toe
together
told
tom
tomato
tomorrow
tone
tongue
tonight
too
took
tool
tools
tooth
top
topic
toss
total
totally
touch
tough
tour
tourist
tournament
toward
towards
tower
town
toy
trace
track
trade
tradition
traditional
traffic
tragedy
trail
train
training
transfer
transform
transformation
transition
translate
transportation
trashed
travel
treat
treatment
treaty
tree
tremendous
trend
trial
tribe
trick
trip
troop
trouble
truck
truly
trust
trusted
truth
try
tube
tuesday
tunnel
turn
TV
twelve
twenty
twice
twin
two
type
typical
typically
typo
u.s
ugly
uk
ultimate
ultimately
un
unable
unblinking
uncle
under
undergo
underground
understand
understanding
undoubtedly
unexpectedly
unfortunate
unfortunately
uniform
union
unique
unit
United
united
unity
universal
universe
university
unknown
unleashing
unless
unlike
unlikely
unproven
until
unusual
up
update
upon
upper
urban
urge
urgent
us
usable
use
used
useful
user
uses
using
usual
usually
utility
vacation
valid
valley
valuable
value
valued
variable
variation
variety
various
vary
vast
vegetable
vehicle
vendors
venture
version
versions
versus
very
vessel
vet
veteran
vetted
via
victim
victims
victory
video
view
viewer
village
violate
violation
violence
violent
virtually
virtue
virus
visible
vision
visit
visitor
visual
vital
voice
volume
volunteer
volunteers
vote
voter
vs
vulnerable
vulnerabilities
vulnerability
indicate
indicates
wage
wait
wake
walk
wall
wander
want
wants
war
warm
warn
warning
warren
was
wash
wasn't
waste
watch
water
wave
way
we
we'd
we'll
we're
we've
weak
wealth
wealthy
weapon
wear
weather
web
web’s
website
wedding
wednesday
week
weekend
weekly
weigh
weight
welcome
welfare
well
were
weren't
west
western
wet
what
what's
whatever
wheel
when
when's
whenever
where
where's
whereas
whether
which
while
whisper
white
who
who's
who’s
whole
whom
whose
why
why's
wide
widely
widespread
wife
wild
will
willing
win
wind
window
wine
wing
winner
winter
wipe
wire
wisdom
wise
wish
with
withdraw
withdrew
within
without
witness
woman
won't
won’t
wonder
wonderful
wood
wooden
word
work
worker
working
works
workshop
world
world’s
worried
worry
worse
worth
worthy
would
wouldn't
wouldn’t
wound
wrap
wrest
write
writer
writing
written
wrong
wrote
www
yard
yeah
year
years
yell
yellow
yes
yesterday
yet
yield
you
you'd
you'll
you're
you've
you’ll
you’re
young
your
yours
yourself
yourselves
youth
zone
threatpost
characters
en
ve
van
tl
targeting
rack911
fireeye
mitch
attacks
delete
leveraged
points
amanda
lines
automatically
saw
didn
showing
homeland