fight
editor
lesson
persuade
fundamental
soft
movement
Supreme
beer
urge
pick
church
fifth
list
concentration
think
knock
ethics
assistance
tennis
union
program
normally
site
either
pack
fourth
closed
hell
tension
keeping
probly
shit
stress
nature
God
celebrate
divide
odd
grain
possess
immigration
controversy
tea
significance
impossible
stupid
terror
whereas
politician
tank
industry
government
between
pain
age
tale
fantasy
device
historic
remarkable
one
boyfriend
laugh
photographer
property
walk
line
never
factor
year
business
boat
computer
bombing
against
payment
champion
service
cite
security
golf
took
come
extra
powder
require
isn't
strike
instrument
awareness
retire
entertainment
shape
somebody
job
bathroom
evolve
night
things
check
sector
civil
personally
competitor
championship
species
grand
painter
economist
rhythm
much
warning
afternoon
hey
lady
winter
involvement
blame
toe
anything
hence
recover
assure
black
marry
why
official
relative
whole
perspective
picture
implementing
gas
perceive
experience
folk
best
romantic
emergency
adequate
cluster
stable
http
late
basic
definition
following
you're
response
satellite
sun
believe
horror
any
you’re
its
thought
legislation
silly
notion
unlike
county
tape
partnership
attack
judgment
day
expert
educator
miss
extension
claim
morning
wait
education
historian
conflict
it
enemy
sake
inc
lawyer
sleep
spending
introduce
soon
store
depict
kiss
magazine
compassionately
free
mr
translate
proportion
products
colleague
ahead
customer
joint
brief
Russian
sing
sales
limited
wage
scenario
piano
describe
ready
consensus
express
length
investigation
passage
draft
girlfriend
funeral
stone
sufficient
hear
move
become
idea
farm
enabling
operation
crash
passenger
photograph
founder
qualify
burn
many
orientation
stop
measurement
politically
satisfying
appreciate
patient
universe
engage
Iraqi
tower
prime
again
ensuring
before
mount
investigator
girl
ad
future
weekly
speaker
Jewish
started
wind
quietly
detailed
slide
abuse
suggestion
gets
are
coverage
grandfather
journal
soldier
define
telephone
possibly
you'll
explanation
le
desires
twin
fail
law
typically
reasons
note
discovery
core
juice
vision
network’s
ceremony
changed
except
you’ll
they
dish
make
treaty
conversation
history
read
formula
seed
select
unusual
offense
discover
intelligent
similarly
have
sink
send
sheet
admission
Indian
wet
clear
exchange
phenomenon
adjustment
required
minority
Ms
quick
hopefully
depth
boom
remind
quiet
ring
different
perform
enjoy
unless
indicate
heaven
slowly
succeed
deer
attacked
push
knife
twice
account
community
relatively
master
stair
spare
hang
headline
cheek
homeless
production
clean
abortion
anybody
principle
needs
uncle
mixture
consumption
request
sand
background
try
distribute
us
kick
rare
standing
calculate
terrible
dependent
high
apple
Christmas
joy
institution
regime
another
sure
doing
group
world
wish
donate
hit
me
rules
asb
child
participant
funding
aim
darkness
approximately
cooperation
elect
sky
undergo
contribute
ally
improvement
until
taxpayer
adults
power
resist
hold
expose
dog
term
worry
greatest
thing
within
review
discovered
delay
modest
imply
assume
vehicle
vary
confidence
what
apart
having
creative
furniture
diverse
solve
directly
soil
democracy
engineering
build
piece
related
stare
acid
hasn't
practices
secure
now
set
anymore
prefer
step
independence
emerge
army
appoint
economics
equal
receive
ongoing
ticket
nonetheless
play
brother
warn
two
men
basket
neither
they’re
brush
fresh
increasing
been
including
em
explosion
depend
ban
physical
bill
male
aspect
chain
general
liberal
butter
launch
down
inquiry
architect
understand
link
nowhere
variable
body
exciting
position
north
recipe
regulation
strongly
innocent
wave
willing
yesterday
Internet
marriage
proper
speak
extended
growing
moral
lifetime
clothes
bird
roll
mainly
clinic
alcohol
negotiate
saving
deliver
sexual
attention
draw
horizon
loud
country
clock
lake
shop
tomorrow
getting
shouldn't
episode
housing
fashion
remaining
missile
aircraft
pr
recording
references
cannot
apply
life
produce
focus
force
construct
serves
court
weapon
examined
serious
date
department
ocean
broken
movie
earnings
society
zone
language
options
hero
intensity
horse
tiny
advanced
seize
smart
increasingly
occasionally
record
series
itself
solar
occur
fellow
half
numerous
rarely
importance
sequence
for
yell
progressive
screen
eventually
got
difference
crop
camp
behave
common
onto
avoid
nine
furthermore
tired
custom
invasion
associate
exp
grab
hundred
closely
provide
price
moderate
reinforce
they're
switch
scope
requires
substantial
palm
plight
ship
soccer
aid
African-American
naturally
original
negotiation
instance
storage
violate
egg
ear
hope
monitor
infosec
key
international
attitude
green
presentation
novel
poetry
brian
affair
Japanese
pet
pushing
lower
operate
actor
order
telescope
offensive
assignment
should
called
skin
where's
teach
additional
weekend
athlete
tunnel
concrete
supply
adventure
surface
drinking
satisfaction
absence
alive
room
infection
direction
routine
knows
during
won’t
operations
nor
miracle
ceiling
finding
bend
tobacco
means
collect
gesture
understanding
wide
occupation
management
do
officer
flavor
basically
interested
wake
jet
along
breast
creature
Chinese
guarantee
survey
emphasis
Democrat
offer
popular
opponent
incentive
professionals
ideal
investigate
king
usable
primary
terrorism
internal
platform
tooth
shall
biological
shot
adress
all
wasn't
remove
emasculating
ancient
vegetable
leading
flow
steal
thirty
promise
noise
boot
deep
involved
angle
massive
him
moreover
secret
absolute
investor
beat
he'd
shadow
she'll
assess
plan
variety
tail
close
rapidly
variation
she
guess
present
copy
wouldn’t
chapter
hunter
oven
allows
given
disease
yes
cell
countries
put
viewer
maintenance
roughly
agent
tourist
friend
pray
overlook
comments
unable
recommend
visible
height
seriously
region
advice
bond
sample
favor
teaching
buck
segment
population
see
ultimate
rates
assert
them
consciousness
red
map
compete
legal
glass
audience
Mr
failure
president
ingredient
loan
pings
elderly
head
score
bench
discourse
gender
begin
desire
careful
unfortunate
regardless
water
tax
deciding
intelligence
landscape
disability
cold
impress
benefit
severe
gate
communicate
option
contest
shut
remain
done
venture
cross
analysis
pure
primarily
letter
pull
tap
sign
scale
winner
refuse
stance
craft
theirs
article
surprised
pay
respond
lead
balance
whisper
unknown
holy
using
bowl
gathered
moving
crowd
environment
distinct
rub
handful
meat
angry
guest
interview
effort
nose
further
join
throat
relying
friendly
moon
decision
mall
nomination
opportunity
end
month
prepare
rough
preserve
psychology
themselves
hello
finally
car
sex
or
differently
cool
existence
fully
near
particular
phrase
alliance
iron
correspondent
potentially
pleasure
takes
neighborhood
western
when's
shoe
treat
consider
radio
somewhat
support
difficulty
same
keep
formation
fighting
quality
after
club
teacher
five
stuck
art
donated
portion
first
various
happen
surprise
print
Soviet
double
advise
growth
dress
shower
shine
however
AM
pretty
string
largest
safe
survive
measure
opening
thick
whose
repeat
single
drive
AIDS
upper
threat
leave
view
multiple
nerve
Italian
agency
breathe
cholesterol
category
volume
behind
depression
bake
campus
myth
artist
bridge
propose
leadership
bag
surgery
inner
commander
generous
debate
employer
questions
hearing
large
that
currently
knew
revolution
adolescent
situation
graduate
levels
enormous
properly
available
truly
ip
scheme
addition
nod
crazy
universal
fighter
spokesman
your
leg
freeze
desk
garden
justify
relationship
update
i've
embrace
profit
location
mood
use
enterprise
enable
blow
defeat
sudden
arrange
ill
expectation
little
forever
scholarship
ordinary
capable
able
right
temporary
aggressive
skills
TRUE
she'd
asleep
honor
risk
place
captain
potential
television
largely
file
reference
wedding
goal
meal
fact
agenda
implication
crack
finger
example
reachable
cat
murder
briankrebs
abroad
super
extremely
museum
shoot
buffers
gaze
immigrant
don't
effective
cry
though
advertisement
uniform
appointment
statement
auto
legitimate
food
swing
season
sigh
care
somewhere
meeting
far
assault
boy
convention
told
fish
away
ask
financial
we'd
workshop
perhaps
giant
village
sight
proceed
painting
question
pause
watch
there
commission
pipe
reality
rules…
engineer
distribution
involving
fruit
sentence
administrator
farmer
musical
other
researcher
typical
evidence
park
educational
technique
pattern
honest
lean
owe
symptom
insist
hungry
talent
wound
Mexican
testimony
exhibition
pine
previous
buyer
song
sue
threaten
their
transformation
vulnerable
about
appear
aside
providing
participate
rapid
organic
conclusion
microsoft
finish
error
grocery
details
bother
alter
flag
provides
gain
funded
sipping
front
bring
says
that’s
separate
initially
challenge
evening
ten
beyond
found
poor
am
entirely
favorite
may
over
portray
smoke
subject
blind
troop
senator
recall
permission
shout
he
space
channel
policy
usual
lunch
participation
text
diversified
comment
jacket
fall
voice
manufacturer
going
submit
Spanish
taste
visitor
white
baseball
lawn
adult
eight
income
even
according
learn
certs
gently
thus
catch
tear
pale
rail
get
alone
block
load
donating
island
locate
slight
infant
begun
explain
illegal
spend
settlement
politics
staff
strategic
ian
sad
versus
concern
whatever
pm
stake
com
branch
establish
practice
reduction
third
technology
delivery
death
source
priorities
doesn't
lose
settle
significant
appropriate
dispute
component
pocket
tight
barely
Asian
surprisingly
widely
save
snap
selection
what's
fuel
pot
prompt
client
suggesting
admit
color
era
divorce
career
e-mail
intervention
derec
comparison
DNA
hot
really
march
climb
holiday
research
safety
deserve
race
shore
reckons
silent
plate
adopt
unfortunately
story
rather
commercial
it's
wonder
register
slightly
violent
forced
everyday
recognition
enter
lung
attend
concert
apartment
makeup
airline
equipment
click
east
interpretation
alternative
approve
highway
chart
listen
margin
want
back
occupy
welcome
we'll
standard
without
potato
singer
tribe
rose
illness
react
blog
annual
camera
decade
mystery
stir
call
whenever
gifted
summer
atmosphere
display
precisely
lemon
scandal
therapy
added
arm
peer
main
United
crisis
perfect
allow
twenty
arise
lab
literally
saying
exactly
tradition
coach
reflection
hip
street
turn
role
awful
privacy
has
diversity
to
impact
brain
media
nut
significantly
great
secretary
struggle
agricultural
like
wise
loss
worthy
absorb
environmental
European
maybe
approach
purchase
digital
four
pride
generate
least
everyone
can’t
assumption
snow
social
doctor
journey
continued
golden
entrance
global
onion
strength
k
retirement
flat
anxiety
signal
criticism
point
fiber
reveal
although
running
wander
silence
network
retain
ought
ever
billion
rise
yard
gun
inform
button
consistent
sustain
accurate
shan't
resemble
emission
nevertheless
these
label
leaf
pond
meaning
dining
industrial
nervous
search
sources
silver
modern
value
thanks
at
consume
Muslim
corporation
pole
it’s
expense
solution
immediately
temperature
equally
natural
acquire
specifically
path
literary
flowing
ah
military
nearby
theater
invite
cheap
be
virus
fill
physically
rural
pc
hill
testify
house
sorry
software
develop
interaction
portrait
level
handle
teaspoon
together
among
manager
tend
announce
health
dead
shopping
undoubtedly
marketing
emphasize
gentleman
generation
own
heritage
guide
but
humor
weak
description
posts
substance
left
address
which
composition
reserve
trade
connection
feeling
tough
motor
center
team
medium
contract
degree
state
isps
complex
bullet
solid
exploring
and
Israeli
complicated
extraordinary
guilty
deck
tree
not
include
could
emotion
on
devote
split
summit
foundation
well
attractive
blood
coming
clearly
intense
naked
manner
victory
fire
my
column
characterize
feeds
cotton
them…
abandon
apparent
crucial
fit
online
professional
type
i'll
prospect
knowledge
destruction
beautiful
rating
surround
urgent
issue
anyway
mustn't
road
lack
out
beginning
mind
with
crime
cyber
dig
works
complain
basis
shelter
decline
smell
medicine
change
favorable
FALSE
opposition
based
vs
dark
firm
carefully
lay
cut
public
bar
toy
dirt
cyberspace
others
bottom
armed
cultural
probably
show
find
respect
ugly
pile
pregnant
obviously
sin
consequence
derive
hardly
experiment
wouldn't
pie
party
PM
across
i
whom
habitat
already
boundary
destroy
gallery
constant
up
bunch
frequently
straight
relation
celebrity
lovely
is
academic
huge
badly
they'll
faith
upon
Palestinian
airport
stage
promote
assumed
shortly
shooting
orders
bell
when
punishment
might
simply
wood
glove
analyze
cope
counter
fair
responsible
distant
outcome
Olympic
dominate
disagree
obtain
admire
representative
religious
earth
origin
suppose
chamber
deputy
external
achievement
confusion
chemical
energy
association
artistic
nothing
citizen
stuff
poverty
hat
write
data
presence
lot
ice
reform
medication
actually
battery
agree
correct
weight
eternally
journalist
we're
neighbor
rule
eastern
pregnancy
wrong
northern
create
grass
changing
if
factory
tournament
student
demonstrate
publish
curriculum
information
mask
safer
break
combination
gift
prison
seat
amazing
attribute
finance
mention
cancer
bit
truck
need
every
stroke
notice
base
executive
author
writer
fortune
mental
mail
invest
necessarily
complaint
anyone
poll
method
personal
glad
reduce
trip
passion
reservation
adviser
return
exceed
brick
bear
wear
because
disaster
love
round
witness
Republican
resident
domestic
former
ultimately
creation
status
air
no
instructor
reflect
relate
jump
west
cheese
https
advantage
must
dad
character
quarterback
wild
trail
memory
later
increase
minor
wing
reader
war
name
chair
deny
electricity
floor
tonight
criteria
will
individual
town
video
powered
add
priority
danger
fault
leader
culture
honey
drink
regional
diss
detail
congressional
dust
gay
impression
rain
unlikely
nation
fifty
implemented
trust
then
earn
accept
container
edition
cost
couch
jail
adjust
teen
explained
also
brian’s
teams
else
loose
organize
youth
gotten
major
mutual
tent
traffic
encounter
native
twelve
by
knowing
mechanism
majority
observer
reputation
parking
index
budget
narrow
pass
Bible
gang
jury
second
yourselves
lifestyle
represent
eager
coat
prescription
appeal
board
involve
advance
oil
phone
protection
forth
survival
part
development
flower
positive
bad
planet
grandmother
parent
characteristic
negative
match
college
barrier
few
prevent
exception
science
dear
protect
page
operator
fitness
pollution
pilot
box
i’ve
helicopter
this…a
analyzed
manage
something
Arab
dare
killing
proves
assign
conduct
possibility
differ
affect
baby
beauty
drives
attempt
resolve
star
seem
indiscriminately
football
home
used
Islamic
salad
cap
win
explore
final
brand
bite
mortgage
consumer
southern
continue
higher
trashed
user
forest
still
essential
hospital
sharp
declined
frequency
game
followed
unit
provision
chase
happy
scared
throw
topic
mess
council
plus
utility
yellow
voter
such
animal
time
identification
comedy
surprising
neck
mistake
swim
item
necessary
hall
version
activity
anuj
roof
as
appears
incorporate
conservative
TV
useful
lock
seven
fun
prove
strategy
project
disappear
sweep
advertising
transportation
drag
victim
son
educate
suddenly
capability
committee
concept
action
connect
pop
terrorist
function
crew
grant
waste
wife
limit
prosecutor
capital
interests
edge
century
childhood
despite
system
healing
gradually
you've
message
porch
session
wealth
operating
sort
fate
proposal
they've
collective
bike
intellectual
corporate
English
identify
helpful
literature
stomach
labor
doesn’t
entire
introduction
exposure
proposed
emotional
scientist
how
expensive
election
tour
hide
entry
painful
tablespoon
engine
posted
aide
employee
don’t
medical
concentrate
newly
sometimes
feed
funny
headquarters
how's
developing
square
combine
stream
assistant
refer
counselor
latter
survivor
talk
everything
enhance
powering
conference
principal
restriction
contact
administration
merely
important
today
fewer
yet
ethnic
estate
pink
problem
peak
middle
the
pace
resort
cisa
heavy
setting
hire
breakfast
current
product
dimension
deal
command
shock
license
personnel
plant
efficient
towards
garage
haven't
intend
rest
sell
Irish
i'm
so
reason
rid
ease
element
man
scholar
examination
intention
drug
famous
protein
presented
studio
installed
due
he's
private
touch
obligation
actress
Christian
mark
evolution
hair
title
cybersecurity
confront
can't
access
squeeze
African
photo
virtually
daily
defense
heavily
matter
land
electric
pan
follow
percentage
more
transition
happening
legend
luck
dozen
chest
heads
them…”
raw
Latin
junior
patch
always
object
meanwhile
weather
grade
dream
completely
smooth
while
tendency
nuclear
mad
award
lost
structure
exercise
strengthen
hands
trial
cognitive
let
those
construction
rely
rank
document
evaluate
dramatically
live
into
task
increased
conventional
battle
process
material
salary
cop
minister
made
bedroom
server
shell
deeply
foot
extensive
aren't
seems
frustration
adapt
long
desperate
above
Catholic
release
notify
who's
trace
result
garlic
faculty
strong
tall
argument
director
contain
gold
implement
i’m
metal
panel
salt
study
terms
beside
distinction
specific
nope
under
networking
prominent
corner
convince
competitive
regarding
habit
empty
mirror
film
control
cast
too
anger
muscle
psychological
wrap
wealthy
wipe
perfectly
since
treatment
player
most
root
familiar
anticipate
a
mine
bottle
difficult
longtime
elsewhere
consist
initial
normal
overall
vote
spirit
dry
bind
assist
stock
border
weren't
post
chairman
discrimination
resistance
hi
can
schedule
economic
jon
drama
mix
way
fee
CEO
impose
attorney
constantly
overcome
personality
slice
prisoner
an
everywhere
partly
conclude
estimate
funds
distance
tire
myself
sauce
old
expand
steady
share
corn
reply
athletic
shift
hour
times
expect
realize
criticize
extent
coal
contemporary
servers
capacity
critical
improve
lucky
achieve
nurse
ghost
our
sense
attract
trouble
scream
broad
light
plot
previously
school
dance
tell
reading
comprehensive
say
philosophy
section
shows
mere
manufacturing
I
had
net
inside
partner
closer
drop
music
bet
hypothesis
rush
total
gear
argue
campaign
exact
division
reporter
stretch
legacy
start
ensure
thank
quarter
discuss
league
sanction
mouth
carbon
milk
field
broader
reports
accompany
urban
recruit
form
several
there's
travel
city
toss
recent
specialist
krebs
spiritual
PC
fly
wall
instrumental
circumstance
card
statistics
plenty
size
application
initiative
track
visit
shade
ago
word
sent
insurance
ride
discussion
Jew
purpose
chicken
couple
they’ve
charge
arrangement
busy
preparation
pitch
week
grow
practical
report
anywhere
yourself
pose
very
confirm
highlight
demonstration
that's
German
actual
maintain
repeatedly
yeah
lap
advocate
regulate
duty
they'd
per
wine
bury
cigarette
replace
pound
recommendation
theory
pool
obvious
tactic
tomato
feature
pepper
besides
basketball
reaction
full
strange
freedom
decrease
style
answer
courage
tone
recognize
fence
die
briefly
quote
widespread
mother
sport
vast
new
documented
weigh
subscribe
r
police
living
only
organization
market
religion
months
warm
father
spread
etc
sophisticated
sea
sweet
cause
institutional
give
wooden
kid
arrival
essay
pretend
French
illustrate
guy
wash
supporting
successful
needed
attacker
discipline
wisdom
quickly
dangerous
appearance
criticise
existing
American
bone
husband
interventions
radical
band
therefore
pursue
restore
violence
collapse
fat
simple
married
spin
forget
content
imagination
indication
himself
visual
acknowledge
consideration
senior
hard
area
arrest
activist
package
interest
suffer
curious
install
building
script
past
surely
chip
permanent
efforts
mostly
planning
mayor
prior
river
unique
defendant
work
count
accomplish
was
where
greets
cow
defend
dismiss
friendship
commitment
his
agreement
skill
target
shoulder
album
clothing
detect
defensive
instruction
rich
some
cook
analyst
range
no…the
oh
mass
company
frame
event
prayer
storm
effect
observe
trick
commit
laboratory
dirty
moment
plane
we've
hadn't
case
sale
contrast
route
kill
designer
both
her
fifteen
cover
ie
theme
generally
colonial
depending
interpret
evaluation
perception
chef
toward
cycle
worried
traditional
ability
people
volunteer
celebration
priest
blue
hand
approval
examine
wonderful
amount
raise
expansion
better
extend
this
rope
model
seek
leather
tongue
choice
governor
vessel
soul
sound
side
restaurant
shake
small
each
from
please
Mrs
desert
penalty
swear
effectively
limitation
dealer
go
truth
blade
who
shame
lip
particularly
kitchen
satisfy
meter
regard
designed
usually
coalition
inflation
cake
immediate
ok
odds
publisher
i'd
grateful
young
concerned
Senate
protected
asset
Canadian
burden
respondent
especially
injury
elite
money
supposed
flee
low
cousin
context
deficit
Congress
federal
less
door
certain
good
six
encourage
shrug
look
afraid
direct
pressure
capture
peace
belt
almost
easily
yield
host
spring
physician
easy
steel
comfortable
go…
instead
tip
incident
stay
flight
here
downtown
pour
attach
suggest
accident
classic
communication
once
testing
fast
you
meet
newspaper
producer
profile
valuable
subsequent
fiction
forward
success
fishing
paint
relevant
were
tie
suspect
said
test
anniversary
compare
someone
relax
unexpectedly
permit
whether
dominant
economy
dramatic
successfully
who’s
systems
efficiency
flame
million
suicide
act
investment
he'll
gene
blanket
stick
responsibility
activities
withdraw
constitutional
racial
mountain
cloud
fund
barrel
member
special
stability
run
convert
won't
displayed
powerful
businesses
bomb
train
buy
poet
www
frequent
exhibit
drawing
rice
hurt
declare
couldn't
hotel
krebs’s
lover
historical
university
apparently
ratio
why's
authority
carry
guard
email
i’d
conviction
nearly
spot
joke
monday
narrative
insight
publicly
mom
heat
shuttered
boss
electronic
wire
exist
hole
open
there’s
reject
civilian
symbol
wheel
giving
speed
early
fabric
longer
motivation
paper
image
rock
nobody
definitely
being
office
sit
realistic
row
seen
stand
speech
constitute
opted
persons
accomplishments
filed
absolutely
justice
fairly
household
just
framework
kind
occasion
predict
driver
window
person
publication
cabin
genetic
she's
sick
regularly
wrest
distinguish
incredible
rifle
veteran
serve
relief
help
helping
female
than
British
in
ours
debt
south
procedure
ski
code
layer
shelf
news
enforcement
cookie
slave
thx
hate
human
station
welfare
belong
considerable
breath
afford
coast
accuse
cream
fan
cash
rate
musician
math
learning
herself
planned
gray
number
violation
of
born
suit
psychologist
last
democratic
profession
possible
knee
professor
period
biggest
chief
hers
self
tool
virtue
writing
indeed
extreme
woman
essentially
damage
teenager
trend
pant
sponsors
opposite
three
glance
province
galaxy
dinner
preference
tools
sugar
messages
central
credit
guideline
heel
mouse
observation
valley
fear
orange
supporter
provider
next
coffee
inspire
outside
progress
vital
collection
presidential
condition
training
around
beneath
assessment
accepting
family
bus
big
elementary
impressive
reasonable
determine
reach
local
worker
shirt
face
arrive
pair
quite
originally
ourselves
through
bank
circle
compose
eat
i’ll
mission
transform
expression
tragedy
grave
mode
thinking
dialogue
figure
strip
foreign
helps
recently
ball
competition
know
nice
political
we
strings
vacation
influence
oppose
class
port
sister
soup
heart
bread
ignore
take
resolution
identity
he’s
yours
bed
recovery
controversial
occurrence
critic
owner
fix
quit
sir
short
remember
stranger
did
design
gather
library
diet
flesh
top
establishment
tremendous
formal
feel
likely
working
course
cup
healthy
employment
fade
press
proud
enough
phase
dave
totally
comfort
worth
objective
table
clinical
aware
machine
carrier
bright
charity
opportunities
representation
proof
bean
average
float
birth
excellent
otherwise
judge
demand
imagine
uses
territory
lawsuit
lots
district
menu
inevitable
independent
behavior
ground
worse
book
okay
revenue
fundamentally
choose
fine
none
refugee
slow
facility
climate
cable
plastic
mm-hmm
hunting
services
highly
chance
disorder
minute
let's
real
motion
unblinking
sensitive
didn't
killer
would
slip
complete
gap
beach
customers
poem
cabinet
you'd
requirement
confident
decide
eliminate
everybody
explode
tube
tissue
thin
daughter
technical
national
often
membership
interesting
off
ideally
performance
opinion
brown
thousand
sacred
escape
below
parameter
smile
regular
candidate
so-called
remote
lie
long-term
eye
here's
maker
similar
mean
doubt
borrow
scene
consultant
somehow
lift
certainly
criminal
chocolate
brilliant
supports
contribution
does
classroom
throughout
resource
clue
via
transfer
computers
cooking
protest
birthday
scientific
employ
belief
0.01
0.131944444444444
0.145138888888889
0.175694444444444
0.181944444444444
0.195833333333333
0.231944444444444
0.244444444444444
0.260416666666667
0.279166666666667
0.311805555555556
0.326388888888889
0.347222222222222
0.366666666666667
0.371527777777778
0.384027777777778
0.384722222222222
0.386805555555556
0.394444444444444
0.402777777777778
0.403472222222222
0.414583333333333
0.415972222222222
0.426388888888889
0.429861111111111
0.438194444444444
0.441666666666667
0.444444444444444
0.448611111111111
0.4625
0.463194444444444
0.464583333333333
0.470138888888889
0.475694444444444
0.486111111111111
0.497222222222222
0.508333333333333
0.526388888888889
0.9
1
2
3
8
15
16
17
18
20
21
22
23
24
36
107
136
315
353
361
363
376
416
445
620
798
1076
1300
1984
2020
4600
400000
-d
-if
-m
–
—
…yes
©
16mar
16th
1st
2017(i
26th
2nd
501(c)(3
a.m
abusable
advertising/speaking
affected
agencies
aided
all-volunteer
amen
and/or
announcement
anti-commercial
authorizing
avalanche
badguy
bailing
bart
bestseller
beware
billionaires
bucks
buffet
bump
capabilities
captured
centers
centre
charged
cheating
chipped
chore
cisco…..well
cisco’s
ciscos
classified
collapses
community’s
complicit
comprehend
compromised
connections
constituents
containment
cost-saving
critter
defenseless
devices
drop-dead
duke
empires
entities
entity
et
expenses
experts
facilities
fake
far-flung
flood
funding/facilities
gameover
giants
giver-awayer
goodbye
guys
hallways
harm
hobbyist
hosting
id
in-depth
infected
infections
infrastructure
innovation
innovations
instructions
internet
kapur
ken
kinda
kneecap
laurie
lindy
listed
m
m|b)illionnaires
mailing
malicious
markets
massively
matters
matthew
mattyj
measures
menace
migrate', "recipient's", '-is
migration
mike
millions
models
monthly
mouthing
names
nations’
neutral
no-one
officials
owners
paid
pays
phil
philanthropy
pivotal
planet’s
pro
providers
published
rack
ray
readers/fans
recalls
redirecting
registration
remediation
researchers
resources
responds
responsibly
retired
richard
richest
ron
rss
rustock
scrambling
scratch
seized
seizes
seizure
self-funding
shout-out
signatures
signed
sneak
sob’s
sorta
stack
sunshine
supplies
surge
tags
tandem
taxed
theoretical
tom
typo
underground
united
unity
unleashing
unproven
valued
vendors
vet
vetted
victims
volunteers
warren
web
web’s
website
withdrew
world’s
written
wrote
years