https://www.us-cert.gov/ncas/alerts/aa20-106a
https://medium.com/@woj_ciech/fun-with-amazon-s3-leaks-and-bucket-takeover-attack-ddb17da1c431
https://securelist.com/wildpressure-targets-industrial-in-the-middle-east/96360/
https://www.darkreading.com/endpoint/researchers-use-microsoft-terminal-services-client-in-new-attack-method/d/d-id/1337614
https://www.volkskrant.nl/cs-bc9a9ce4
https://www.us-cert.gov/ncas/alerts/aa20-107a
https://en.hackndo.com/ntlm-relay/
https://securitybytes.io/blue-team-fundamentals-part-two-windows-processes-759fe15965e2
https://www.perimeterx.com/resources/blog/2020/new-stealth-magecart-attack-bypasses-payment-services-using-iframes/
https://www.fireeye.com/blog/threat-research/2020/04/time-between-disclosure-patch-release-and-vulnerability-exploitation.html
https://blog.appsecco.com/finding-ssrf-via-html-injection-inside-a-pdf-file-on-aws-ec2-214cc5ec5d90
https://threatpost.com/powerpoint-weakness-mouse-over-attack/154589/
https://research.checkpoint.com/2020/6th-april-threat-intelligence-bulletin/
https://www.fireeye.com/blog/threat-research/2020/04/zero-day-exploitation-demonstrates-access-to-money-not-skill.html
https://spaceraccoon.dev/same-same-but-different-discovering-sql-injections-incrementally-with
https://www.fireeye.com/blog/threat-research/2020/04/kerberos-tickets-on-linux-red-teams.html
https://www.bitsight.com/blog/joint-effort-with-microsoft-to-takedown-massive-criminal-botnet-necurs
https://www-secjuice-com.cdn.ampproject.org/c/s/www.secjuice.com/hiding-javascript-in-png-csp-bypass/amp/
https://threatpost.com/zeus-sphinx-banking-trojan-covid-19/154274/
https://www.preempt.com/blog/new-ldap-rdp-relay-vulnerabilities-in-ntlm/
https://www.darkreading.com/cloud/introducing-zero-trust-access-/a/d-id/1337362
https://medium.com/walmartlabs/vba-stomping-advanced-maldoc-techniques-612c484ab278
https://diablohorn.com/2020/03/04/lessons-learned-on-written-social-engineering-attacks/
https://link.medium.com/hENlcXsfX4
https://research.checkpoint.com/2020/the-inside-scoop-on-a-six-figure-nigerian-fraud-campaign/
https://krebsonsecurity.com/2020/03/the-webs-bot-containment-unit-needs-your-help
